Scripting Demo for West= Weak or Strong opener and East with 5cMajor

East hands:

   1.                  2.                  3.                  4.               
Q 8 6 3 2           A 9 8 4 2           9 5 4 3             A Q J 5 3 
7 4 3               A K Q               K 9 5 3 2           Q T 8 
K T 3               T 5 4               6 5                 Q J 
K 7                 9 3                 A T                 Q J 8 

   5.                  6.                  7.                  8.               
A 7 6               T 9 5 3 2           Q J 8 4 3           K Q 7 3 2 
A K J 9 3           9 7 6 5             Q 4                 9 6 
7 4 3               8 6                 A 5                 J 7 4 
K 3                 5 4                 9 5 4 2             9 8 4 

Scripting Demo for West= Weak or Strong opener and East with 5cMajor

West hands:

   1.                  2.                  3.                  4.               
K J T 7             Q 3                 A K 6               T 9 8 2 
A 5                 J 7 6 5             T 6                 A 9 3 
A 9 2               A K 8 7             K J 9 7 3           A K 8 
J 8 6 3             Q 5 4               K 8 6               K 9 2 

   5.                  6.                  7.                  8.               
K Q 5               Q J 7               A 5                 9 6 5 
8 4                 K Q 3               9 8 6               Q J 7 2 
A J 6 5             5 4                 K Q T 9 6           A 8 
A 9 5 4             A 9 8 7 2           K J 6               A Q T 6 


Scripting Demo for West= Weak or Strong opener and East with 5cMajor
Generated 672 hands
Produced  8 hands
Initial random seed 13
Time needed    0.013 sec
