[Event "Hand simulated by dealer with file DescrPrt.2nt, seed 1636936911"]
[Site "-"]
[Date "2021.11.14"]
[Board "1"]
[West "-"]
[North "-"]
[East "-"]
[South "-"]
[Dealer "N"]
[Vulnerable "None"]
[Deal "N:.7643.QT96543.92 AKQ2.AQ82.A8.A87 9843.KJT.72.J653 JT765.95.KJ.KQT4"]
[Declarer "?"]
[Contract "?"]
[Result "?"]

[Event "Hand simulated by dealer with file DescrPrt.2nt, seed 1636936911"]
[Site "-"]
[Date "2021.11.14"]
[Board "2"]
[West "-"]
[North "-"]
[East "-"]
[South "-"]
[Dealer "E"]
[Vulnerable "NS"]
[Deal "N:872.Q632.QT953.9 KQ.KJT.AK7.AK853 AT964..8642.QJ74 J53.A98754.J.T62"]
[Declarer "?"]
[Contract "?"]
[Result "?"]

[Event "Hand simulated by dealer with file DescrPrt.2nt, seed 1636936911"]
[Site "-"]
[Date "2021.11.14"]
[Board "3"]
[West "-"]
[North "-"]
[East "-"]
[South "-"]
[Dealer "S"]
[Vulnerable "EW"]
[Deal "N:J52.J973.43.8765 A84.KQ8.AKQ97.AJ K9.A65.JT65.Q432 QT763.T42.82.KT9"]
[Declarer "?"]
[Contract "?"]
[Result "?"]

[Event "Hand simulated by dealer with file DescrPrt.2nt, seed 1636936911"]
[Site "-"]
[Date "2021.11.14"]
[Board "4"]
[West "-"]
[North "-"]
[East "-"]
[South "-"]
[Dealer "W"]
[Vulnerable "All"]
[Deal "N:Q92.KJ52.KJ83.T7 AK.A963.AQ95.AK2 83.8.T72.QJ98643 JT7654.QT74.64.5"]
[Declarer "?"]
[Contract "?"]
[Result "?"]

[Event "Hand simulated by dealer with file DescrPrt.2nt, seed 1636936911"]
[Site "-"]
[Date "2021.11.14"]
[Board "5"]
[West "-"]
[North "-"]
[East "-"]
[South "-"]
[Dealer "N"]
[Vulnerable "NS"]
[Deal "N:AQT7.532.T5.QT72 K85.AKQ8.AK9.KJ4 J62.64.J87632.83 943.JT97.Q4.A965"]
[Declarer "?"]
[Contract "?"]
[Result "?"]

[Event "Hand simulated by dealer with file DescrPrt.2nt, seed 1636936911"]
[Site "-"]
[Date "2021.11.14"]
[Board "6"]
[West "-"]
[North "-"]
[East "-"]
[South "-"]
[Dealer "E"]
[Vulnerable "EW"]
[Deal "N:QJT86..97.KQ9872 AK2.A32.AKQ62.AT 754.KT96.JT43.J4 93.QJ8754.85.653"]
[Declarer "?"]
[Contract "?"]
[Result "?"]

[Event "Hand simulated by dealer with file DescrPrt.2nt, seed 1636936911"]
[Site "-"]
[Date "2021.11.14"]
[Board "7"]
[West "-"]
[North "-"]
[East "-"]
[South "-"]
[Dealer "S"]
[Vulnerable "All"]
[Deal "N:985.972.987.Q973 A3.AQ63.AK6.AK64 Q2.JT85.J542.J52 KJT764.K4.QT3.T8"]
[Declarer "?"]
[Contract "?"]
[Result "?"]

[Event "Hand simulated by dealer with file DescrPrt.2nt, seed 1636936911"]
[Site "-"]
[Date "2021.11.14"]
[Board "8"]
[West "-"]
[North "-"]
[East "-"]
[South "-"]
[Dealer "W"]
[Vulnerable "None"]
[Deal "N:T92.983.7632.832 AKQ.KQJ.AQ985.KT J8.A62.K4.J97654 76543.T754.JT.AQ"]
[Declarer "?"]
[Contract "?"]
[Result "?"]

Generated 12844 hands
Produced 8 hands
Initial random seed 1636936911
Time needed    0.019 sec
