Frequency controls:
    0	       0
    1	       0
    2	       0
    3	       0
    4	      28
    5	     300
    6	    1678
    7	    3606
    8	    3327
    9	     992
   10	      69
   11	       0
   12	       0

Controls in a strong balanced hand
Generated 1557939 hands
Produced  10000 hands
Initial random seed 9
Time needed    1.861 sec
