Frequency North 1NT Opener Tricks any strain South <= 12 hcp:
    5	       0
    6	       4
    7	       9
    8	      20
    9	      28
   10	      22
   11	      14
High	       3

1NT openers by North with DDS analysis for best strain. South has <= than 12hcp. No shape restrictions on South 
Generated 2171 hands
Produced  100 hands
Initial random seed 13
Time needed   12.159 sec
