

South hands:



   1.                  2.                  3.                  4.               
Q J 6               7                   J 9 7 6 5 2         J 8 7 
A K 7 6 2           J T 8 7 4 3 2       -                   Q 5 2 
Q 9 3               3                   J T 8 6 2           Q 8 6 
8 6                 J 8 7 3             T 4                 Q J 6 4 

   5.                  6.                  7.                  8.               
A 6 4               K J                 T 7 6 4             J 5 
9 7 5 3             Q J 5 2             9 5 2               8 4 3 
9 4 3               T 9 4 2             8 5 4               8 7 6 5 4 
T 9 8               8 4 3               T 9 8               6 5 3 



West hands:



   1.                  2.                  3.                  4.               
T 9 8 7 4           T 8 6 4 2           Q T 4               Q T 9 3 
T 9 5               9 5                 Q J 9 8 7 6 4       J 9 8 7 6 4 
J 6 5               9 2                 K                   T 
9 7                 A T 9 4             9 7                 8 3 

   5.                  6.                  7.                  8.               
J 7 3               8 4 3               9 2                 K 8 7 6 
J T 6 2             K T 8 6             K J 7 4 3           Q T 9 5 
J 7 6 2             Q J 6 5             Q 6 2               Q J 
A 4                 Q T                 J 5 4               A 9 7 

Generated 18171 hands
Produced 8 hands
Initial random seed 1636936652
Time needed    0.026 sec
