Clubs held by W: Mean=    4.3833, Std Dev=    1.1340, Var=    1.2859, Sample Size=100000 
Frequency Number of clubs:
    0	       0
    1	       0
    2	    4230
    3	   16662
    4	   34765
    5	   28792
    6	   12401
    7	    2769
    8	     353
    9	      25
   10	       3
   11	       0
   12	       0
   13	       0
