Losers : Mean=  746.6800, Std Dev=  107.4087, Var=11536.6313, Sample Size=10000 
Frequency Losers(across) Vs HCP(down):
        Low      1      2      3      4      5      6      7      8      9     10     11   High    Sum
Low       0      0      0      0      0      0      0     80   1057    554     46      0      0   1737
  11      0      0      0      0      0      0      0    287    987    338      8      0      0   1620
  12      0      0      0      0      0      0      5    497    817    163      0      0      0   1482
  13      0      0      0      0      0      0     51    703    481     44      0      0      0   1279
  14      0      0      0      0      0      0    123    641    281     11      0      0      0   1056
  15      0      0      0      0      0      0    239    501    124      7      0      0      0    871
  16      0      0      0      0      0     13    314    287     41      1      0      0      0    656
  17      0      0      0      0      0     30    269    169     14      0      0      0      0    482
  18      0      0      0      0      0     60    181     58      4      0      0      0      0    303
  19      0      0      0      0      3     85    111     18      0      0      0      0      0    217
  20      0      0      0      0      6     68     57      4      0      0      0      0      0    135
  21      0      0      0      0      9     54     20      0      0      0      0      0      0     83
  22      0      0      0      0     16     13      3      0      0      0      0      0      0     32
  23      0      0      0      0     12     12      1      0      0      0      0      0      0     25
  24      0      0      0      1      6      5      0      0      0      0      0      0      0     12
  25      0      0      0      3      2      0      0      0      0      0      0      0      0      5
  26      0      0      0      1      2      0      0      0      0      0      0      0      0      3
  27      0      0      0      0      1      0      0      0      0      0      0      0      0      1
  28      0      0      0      0      0      0      0      0      0      0      0      0      0      0
High      0      0      1      0      0      0      0      0      0      0      0      0      0      1
Sum       0      0      1      5     57    340   1374   3245   3806   1118     54      0      0  10000

